SHOW diskquota.naptime;
 diskquota.naptime 
-------------------
 10
(1 row)

