CREATE SCHEMA s;
SELECT diskquota.set_schema_quota('s', '10MB');
 set_schema_quota 
------------------
 
(1 row)

SET search_path to s;
select pg_sleep(5);
 pg_sleep 
----------
 
(1 row)

-- heap table
CREATE TABLE t1 AS SELECT generate_series(1, 100000000);
NOTICE:  Table doesn't have 'DISTRIBUTED BY' clause. Creating a NULL policy entry.
ERROR:  schema's disk space quota exceeded with name:40646  (seg0 127.0.0.1:6002 pid=35318)
select pg_sleep(5);
 pg_sleep 
----------
 
(1 row)

-- temp table
CREATE TEMP TABLE t2 AS SELECT generate_series(1, 100000000);
NOTICE:  Table doesn't have 'DISTRIBUTED BY' clause. Creating a NULL policy entry.
select pg_sleep(5);
 pg_sleep 
----------
 
(1 row)

-- toast table
CREATE TABLE toast_table AS SELECT array(select * from generate_series(1,10000)) FROM generate_series(1, 100000);
NOTICE:  Table doesn't have 'DISTRIBUTED BY' clause -- Using column(s) named 'array' as the Greenplum Database data distribution key for this table.
HINT:  The 'DISTRIBUTED BY' clause determines the distribution of data. Make sure column(s) chosen are the optimal data distribution key to minimize skew.
ERROR:  schema's disk space quota exceeded with name:40646  (seg1 127.0.0.1:6003 pid=35316)
select pg_sleep(5);
 pg_sleep 
----------
 
(1 row)

-- ao table
CREATE TABLE ao_table WITH(appendonly=true) AS SELECT generate_series(1, 100000000);
NOTICE:  Table doesn't have 'DISTRIBUTED BY' clause. Creating a NULL policy entry.
ERROR:  schema's disk space quota exceeded with name:40646  (seg0 127.0.0.1:6002 pid=35318)
select pg_sleep(5);
 pg_sleep 
----------
 
(1 row)

-- aocs table
CREATE TABLE aocs_table WITH(appendonly=true, orientation=column) AS SELECT i, array(select * from generate_series(1,10000)) FROM generate_series(1, 100000) AS i;
NOTICE:  Table doesn't have 'DISTRIBUTED BY' clause -- Using column(s) named 'i' as the Greenplum Database data distribution key for this table.
HINT:  The 'DISTRIBUTED BY' clause determines the distribution of data. Make sure column(s) chosen are the optimal data distribution key to minimize skew.
ERROR:  schema's disk space quota exceeded with name:40646  (seg1 127.0.0.1:6003 pid=35316)
select pg_sleep(5);
 pg_sleep 
----------
 
(1 row)

DROP TABLE IF EXISTS t1;
NOTICE:  table "t1" does not exist, skipping
DROP TABLE IF EXISTS t2;
DROP TABLE IF EXISTS toast_table;
NOTICE:  table "toast_table" does not exist, skipping
DROP TABLE IF EXISTS ao_table;
NOTICE:  table "ao_table" does not exist, skipping
DROP TABLE IF EXISTS aocs_table;
NOTICE:  table "aocs_table" does not exist, skipping
RESET search_path;
DROP SCHEMA s;
