CREATE DATABASE test_clean_blackmap_after_drop;
\c test_clean_blackmap_after_drop
CREATE EXTENSION diskquota;
\! gpconfig -c "diskquota.hard_limit" -v "on" > /dev/null
\! gpstop -u > /dev/null
CREATE ROLE r;
NOTICE:  resource queue required -- using default resource queue "pg_default"
SELECT diskquota.set_role_quota('r', '1MB');
 set_role_quota 
----------------
 
(1 row)

CREATE TABLE b (t TEXT) DISTRIBUTED BY (t);
ALTER TABLE b OWNER TO r;
SELECT diskquota.wait_for_worker_new_epoch();
 wait_for_worker_new_epoch 
---------------------------
 t
(1 row)

INSERT INTO b SELECT generate_series(1, 100000); -- fail
ERROR:  role's disk space quota exceeded with name:40716  (seg2 127.0.0.1:6004 pid=1245042)
DROP EXTENSION diskquota;
INSERT INTO b SELECT generate_series(1, 100); -- ok
\c contrib_regression
DROP DATABASE test_clean_blackmap_after_drop;
DROP ROLE r;
\! gpconfig -c "diskquota.hard_limit" -v "off" > /dev/null
\! gpstop -u > /dev/null
