\! gpconfig -c shared_preload_libraries -v '' > /dev/null 
\! gpstop -far > /dev/null
\c
CREATE ROLE test SUPERUSER;
SET ROLE test;
-- Create table "t" with diskquota disabled
CREATE TABLE t_without_diskquota (i) AS SELECT generate_series(1, 100000);
NOTICE:  Table doesn't have 'DISTRIBUTED BY' clause. Creating a NULL policy entry.
\! gpconfig -c shared_preload_libraries -v 'diskquota'> /dev/null 
\! gpstop -far > /dev/null
\c
SET ROLE test;
-- Init table_size to include table "t"
SELECT diskquota.init_table_size_table();
 init_table_size_table 
-----------------------
 
(1 row)

SELECT tableid::regclass, size FROM diskquota.table_size
WHERE tableid = 't_without_diskquota'::regclass AND segid = -1;
       tableid       |  size   
---------------------+---------
 t_without_diskquota | 3637248
(1 row)

-- Ensure that table is not active
SELECT diskquota.diskquota_fetch_table_stat(0, ARRAY[]::oid[])
FROM gp_dist_random('gp_id');
 diskquota_fetch_table_stat 
----------------------------
(0 rows)

SELECT diskquota.set_role_quota(current_role, '1MB');
 set_role_quota 
----------------
 
(1 row)

SELECT diskquota.wait_for_worker_new_epoch();
 wait_for_worker_new_epoch 
---------------------------
 t
(1 row)

-- Expect that current role is in the blackmap 
SELECT rolname FROM pg_authid, diskquota.blackmap WHERE oid = target_oid;
 rolname 
---------
 test
(1 row)

SELECT diskquota.set_role_quota(current_role, '-1');
 set_role_quota 
----------------
 
(1 row)

SELECT diskquota.wait_for_worker_new_epoch();
 wait_for_worker_new_epoch 
---------------------------
 t
(1 row)

SELECT rolname FROM pg_authid, diskquota.blackmap WHERE oid = target_oid;
 rolname 
---------
(0 rows)

DROP TABLE t_without_diskquota;
RESET ROLE;
DROP ROLE test;
