-- start_ignore
\! gpconfig -c shared_preload_libraries -v diskquota > /dev/null
-- end_ignore
\! echo $?
0
-- start_ignore
\! gpconfig -c diskquota.naptime -v 2 > /dev/null
-- end_ignore
\! echo $?
0
-- start_ignore
\! gpconfig -c max_worker_processes -v 20 > /dev/null
-- end_ignore
\! echo $?
0
-- start_ignore
\! gpstop -raf > /dev/null
-- end_ignore
\! echo $?
0
\! sleep 10
