--start_ignore
CREATE DATABASE test_db_cache;
--end_ignore
\c test_db_cache
CREATE EXTENSION diskquota;
SELECT pg_sleep(5);
 pg_sleep 
----------
 
(1 row)

CREATE TABLE t(i) AS SELECT generate_series(1, 100000)
DISTRIBUTED BY (i);
SELECT pg_sleep(10);
 pg_sleep 
----------
 
(1 row)

SELECT tableid::regclass, size
FROM diskquota.table_size
WHERE tableid = 't'::regclass;
 tableid |  size   
---------+---------
 t       | 3637248
(1 row)

DROP EXTENSION diskquota;
-- Create table without extension
CREATE TABLE t_no_extension(i) AS SELECT generate_series(1, 100000)
DISTRIBUTED BY (i);
CREATE EXTENSION diskquota;
WARNING:  database is not empty, please run `select diskquota.init_table_size_table()` to initialize table_size information for diskquota extension. Note that for large database, this function may take a long time.
-- Sleep until the worker adds the current db to cache so that it can be found 
-- when DROP EXTENSION.
-- FIXME: We cannot use wait_for_worker_new_epoch() here because 
-- diskquota.state is not clean. Change sleep() to wait() after removing
-- diskquota.state
SELECT pg_sleep(5);
 pg_sleep 
----------
 
(1 row)

-- Should find nothing since t_no_extension is not recorded.
SELECT diskquota.diskquota_fetch_table_stat(0, ARRAY[]::oid[])
FROM gp_dist_random('gp_id');
 diskquota_fetch_table_stat 
----------------------------
(0 rows)

DROP TABLE t;
DROP TABLE t_no_extension;
DROP EXTENSION diskquota;
\c contrib_regression
DROP DATABASE test_db_cache;
