\! gpconfig -c shared_preload_libraries -v 'diskquota-2.0.so' > /dev/null
\! gpstop -raf > /dev/null
\! gpconfig -s 'shared_preload_libraries'
Values on all segments are consistent
GUC          : shared_preload_libraries
Master  value: diskquota-2.0.so
Segment value: diskquota-2.0.so
\c
alter extension diskquota update to '2.0';
-- FIXME add version check here
