\! install_new_version_diskquota
\! gpstop -raf > /dev/null
