!\retcode gpconfig -c "diskquota.hard_limit" -v "on" > /dev/null;
-- start_ignore

-- end_ignore
(exited with code 0)
!\retcode gpstop -u > /dev/null;
-- start_ignore

-- end_ignore
(exited with code 0)

1: CREATE SCHEMA postmaster_restart_s;
CREATE SCHEMA
1: SET search_path TO postmaster_restart_s;
SET

1: SELECT diskquota.set_schema_quota('postmaster_restart_s', '1 MB');
 set_schema_quota 
------------------
                  
(1 row)
1: SELECT diskquota.wait_for_worker_new_epoch();
 wait_for_worker_new_epoch 
---------------------------
 t                         
(1 row)

-- expect fail
1: CREATE TABLE t1 AS SELECT generate_series(1,10000000);
ERROR:  schema's disk space quota exceeded with name: 17614  (seg0 127.0.0.1:7002 pid=854097)
1q: ... <quitting>

-- launcher should exist
-- [p]ostgres is to filter out the pgrep itself
!\retcode pgrep -f "[p]ostgres.*launcher";
-- start_ignore
839083
839087
839094
839097
839109
839112
839139
839157
839160

-- end_ignore
(exited with code 0)
-- bgworker should exist
!\retcode pgrep -f "[p]ostgres.*diskquota.*isolation2test";
-- start_ignore
839377

-- end_ignore
(exited with code 0)

-- stop postmaster
!\retcode pg_ctl -D $MASTER_DATA_DIRECTORY -w stop;
-- start_ignore
waiting for server to shut down.... done
server stopped

-- end_ignore
(exited with code 0)

-- launcher should be terminated
!\retcode pgrep -f "[p]ostgres.*launcher";
-- start_ignore
839083
839087
839094
839097
839109
839112

-- end_ignore
(exited with code 0)
-- bgworker should be terminated
!\retcode pgrep -f "[p]ostgres.*diskquota.*isolation2test";
-- start_ignore

-- end_ignore
(exited with code 1)

-- start postmaster
-- -E needs to be changed to "-c gp_role=dispatch" for GPDB7
-- See https://github.com/greenplum-db/gpdb/pull/9396
!\retcode pg_ctl -D $MASTER_DATA_DIRECTORY -w -o "-c gp_role=dispatch" start;
-- start_ignore
waiting for server to start....2023-07-31 15:59:31.043830 CST,,,p854265,th579172224,,,,0,,,seg-1,,,,,"LOG","00000","starting PostgreSQL 12.12 (Greenplum Database 7.0.0-beta.4+dev.218.g9ec0a0a842 build dev) on x86_64-pc-linux-gnu, compiled by clang version 15.0.7, 64-bit",,,,,,,,"PostmasterMain","postmaster.c",1243,
2023-07-31 15:59:31.044012 CST,,,p854265,th579172224,,,,0,,,seg-1,,,,,"LOG","00000","listening on IPv4 address ""0.0.0.0"", port 7000",,,,,,,,"StreamServerPort","pqcomm.c",631,
2023-07-31 15:59:31.044060 CST,,,p854265,th579172224,,,,0,,,seg-1,,,,,"LOG","00000","listening on IPv6 address ""::"", port 7000",,,,,,,,"StreamServerPort","pqcomm.c",631,
2023-07-31 15:59:31.044140 CST,,,p854265,th579172224,,,,0,,,seg-1,,,,,"LOG","00000","listening on Unix socket ""/tmp/.s.PGSQL.7000""",,,,,,,,"StreamServerPort","pqcomm.c",625,
2023-07-31 15:59:31.076319 CST,,,p854265,th579172224,,,,0,,,seg-1,,,,,"LOG","00000","redirecting log output to logging collector process",,"Future log output will appear in directory ""log"".",,,,,,"SysLogger_Start","syslogger.c",929,
 done
server started

-- end_ignore
(exited with code 0)
-- Hopefully the bgworker can be started in 5 seconds
!\retcode sleep 5;
-- start_ignore

-- end_ignore
(exited with code 0)

-- launcher should be restarted
!\retcode pgrep -f "[p]ostgres.*launcher";
-- start_ignore
839083
839087
839094
839097
839109
839112
854271
854289
854293

-- end_ignore
(exited with code 0)
-- bgworker should be restarted
!\retcode pgrep -f "[p]ostgres.*diskquota.*isolation2test";
-- start_ignore
854311

-- end_ignore
(exited with code 0)

1: SET search_path TO postmaster_restart_s;
SET
1: SELECT diskquota.wait_for_worker_new_epoch();
 wait_for_worker_new_epoch 
---------------------------
 t                         
(1 row)
-- expect fail
1: CREATE TABLE t2 AS SELECT generate_series(1,10000000);
ERROR:  schema's disk space quota exceeded with name: 17614  (seg0 127.0.0.1:7002 pid=858309)
-- enlarge the quota limits
1: SELECT diskquota.set_schema_quota('postmaster_restart_s', '100 MB');
 set_schema_quota 
------------------
                  
(1 row)
1: SELECT diskquota.wait_for_worker_new_epoch();
 wait_for_worker_new_epoch 
---------------------------
 t                         
(1 row)
-- expect succeed
1: CREATE TABLE t3 AS SELECT generate_series(1,1000000);
SELECT 1000000

1: DROP SCHEMA postmaster_restart_s CASCADE;
DROP SCHEMA
1q: ... <quitting>
!\retcode gpconfig -c "diskquota.hard_limit" -v "off" > /dev/null;
-- start_ignore

-- end_ignore
(exited with code 0)
