-- check that diskquota ignores global flag appendonly=true

SET gp_default_storage_options='appendonly=true';
SET

CREATE EXTENSION diskquota;
CREATE
DROP EXTENSION diskquota;
DROP

SET gp_default_storage_options='appendonly=false';
SET

CREATE EXTENSION diskquota;
CREATE

SELECT diskquota.init_table_size_table();
 init_table_size_table 
-----------------------
                       
(1 row)

-- Wait after init so that diskquota.state is clean
SELECT diskquota.wait_for_worker_new_epoch();
 wait_for_worker_new_epoch 
---------------------------
 t                         
(1 row)
