CREATE DATABASE test_drop_after_pause;
\c test_drop_after_pause
CREATE EXTENSION diskquota;
SELECT diskquota.wait_for_worker_new_epoch();
 wait_for_worker_new_epoch 
---------------------------
 t
(1 row)

SELECT diskquota.pause();
 pause 
-------
 
(1 row)

SELECT diskquota.wait_for_worker_new_epoch();
 wait_for_worker_new_epoch 
---------------------------
 t
(1 row)

DROP EXTENSION diskquota;
CREATE EXTENSION diskquota;
SELECT diskquota.wait_for_worker_new_epoch();
 wait_for_worker_new_epoch 
---------------------------
 t
(1 row)

\! gpconfig -c "diskquota.hard_limit" -v "on" > /dev/null
\! gpstop -u > /dev/null
CREATE SCHEMA SX;
CREATE TABLE SX.a(i int) DISTRIBUTED BY (i);
SELECT diskquota.set_schema_quota('SX', '1MB');
 set_schema_quota 
------------------
 
(1 row)

SELECT diskquota.wait_for_worker_new_epoch();
 wait_for_worker_new_epoch 
---------------------------
 t
(1 row)

INSERT INTO SX.a SELECT generate_series(1,10000000); -- expect insert fail
ERROR:  schema's disk space quota exceeded with name: 25290  (seg2 127.0.0.1:7004 pid=1905198)
\! gpconfig -c "diskquota.hard_limit" -v "off" > /dev/null
\! gpstop -u > /dev/null
SELECT diskquota.pause();
 pause 
-------
 
(1 row)

SELECT diskquota.wait_for_worker_new_epoch();
 wait_for_worker_new_epoch 
---------------------------
 t
(1 row)

DROP EXTENSION diskquota;
\c contrib_regression
DROP DATABASE test_drop_after_pause;
